AR multiplexor2a1 multiplexor2a1arch C:/hlocal/pr6/MIPSMulticiclo/hdl/multiplexor2a1.vhd sub00/vhpl07 1545221669
AR debouncer debouncerarch C:/hlocal/pr6/MIPSMulticiclo/hdl/debouncer.vhd sub00/vhpl17 1545221681
EN mipsmulticiclo NULL C:/hlocal/pr6/MIPSMulticiclo/hdl/MIPSMulticiclo.vhd sub00/vhpl24 1545221688
AR mipsmulticiclo mipsmulticicloarch C:/hlocal/pr6/MIPSMulticiclo/hdl/MIPSMulticiclo.vhd sub00/vhpl25 1545221689
EN blockram NULL C:/.Xilinx/pr6/MIPSMulticiclo/hdl/BlockRam.vhd sub00/vhpl00 1545063886
AR memoria memoriaarch C:/hlocal/pr6/MIPSMulticiclo/hdl/memoria.vhd sub00/vhpl05 1545221671
AR alu aluarch C:/hlocal/pr6/MIPSMulticiclo/hdl/ALU.vhd sub00/vhpl13 1545221677
AR dcm_100mhz_10mhz behavioral C:/hlocal/pr6/MIPSMulticiclo/DCM_100MHz_10MHz.vhd sub00/vhpl15 1545221679
AR bancoderegistros bancoderegistrosarch C:/hlocal/pr6/MIPSMulticiclo/hdl/bancoDeRegistros.vhd sub00/vhpl11 1545221675
EN mem32x512 NULL C:/hlocal/pr6/MIPSMulticiclo/ipcore_dir/mem32x512.vhd sub00/vhpl26 1545221664
EN rutadedatos NULL C:/hlocal/pr6/MIPSMulticiclo/hdl/rutaDeDatos.vhd sub00/vhpl20 1545221684
EN dcm_100mhz_10mhz NULL C:/hlocal/pr6/MIPSMulticiclo/DCM_100MHz_10MHz.vhd sub00/vhpl14 1545221678
AR conv_7seg behavioral C:/hlocal/pr6/MIPSMulticiclo/hdl/conv_7seg.vhd sub00/vhpl23 1545221687
AR blockram behavioral C:/.Xilinx/pr6/MIPSMulticiclo/hdl/BlockRam.vhd sub00/vhpl01 1545063887
EN multiplexor2a1 NULL C:/hlocal/pr6/MIPSMulticiclo/hdl/multiplexor2a1.vhd sub00/vhpl06 1545221668
AR unidaddecontrol unidaddecontrolarch C:/hlocal/pr6/MIPSMulticiclo/hdl/unidadDeControl.vhd sub00/vhpl19 1545221683
EN memoria NULL C:/hlocal/pr6/MIPSMulticiclo/hdl/memoria.vhd sub00/vhpl04 1545221670
EN conv_7seg NULL C:/hlocal/pr6/MIPSMulticiclo/hdl/conv_7seg.vhd sub00/vhpl22 1545221686
AR multiplexor4a1 multiplexor4a1arch C:/hlocal/pr6/MIPSMulticiclo/hdl/multiplexor4a1.vhd sub00/vhpl09 1545221673
EN debouncer NULL C:/hlocal/pr6/MIPSMulticiclo/hdl/debouncer.vhd sub00/vhpl16 1545221680
EN multiplexor4a1 NULL C:/hlocal/pr6/MIPSMulticiclo/hdl/multiplexor4a1.vhd sub00/vhpl08 1545221672
EN unidaddecontrol NULL C:/hlocal/pr6/MIPSMulticiclo/hdl/unidadDeControl.vhd sub00/vhpl18 1545221682
AR rutadedatos rutadedatosarch C:/hlocal/pr6/MIPSMulticiclo/hdl/rutaDeDatos.vhd sub00/vhpl21 1545221685
EN bancoderegistros NULL C:/hlocal/pr6/MIPSMulticiclo/hdl/bancoDeRegistros.vhd sub00/vhpl10 1545221674
EN alu NULL C:/hlocal/pr6/MIPSMulticiclo/hdl/ALU.vhd sub00/vhpl12 1545221676
AR mem32x512 mem32x512_a C:/hlocal/pr6/MIPSMulticiclo/ipcore_dir/mem32x512.vhd sub00/vhpl27 1545221665
AR registro registroarch C:/hlocal/pr6/MIPSMulticiclo/hdl/registro.vhd sub00/vhpl03 1545221667
EN registro NULL C:/hlocal/pr6/MIPSMulticiclo/hdl/registro.vhd sub00/vhpl02 1545221666
